###############################################################################
#
# IAR ELF Linker V2.20.1.176 for STM8                     05/Aug/2020  11:53:48
# Copyright 2010-2015 IAR Systems AB.
#
#    Output file  =  C:\Users\feng\Desktop\stm32f103_spi\Debug\Exe\iictospi.out
#    Map file     =  
#        C:\Users\feng\Desktop\stm32f103_spi\Debug\List\iictospi.map
#    Command line =  
#        C:\Users\feng\Desktop\stm32f103_spi\Debug\Obj\main.o
#        C:\Users\feng\Desktop\stm32f103_spi\Debug\Obj\spi.o
#        C:\Users\feng\Desktop\stm32f103_spi\Debug\Obj\stm8s_adc1.o
#        C:\Users\feng\Desktop\stm32f103_spi\Debug\Obj\stm8s_awu.o
#        C:\Users\feng\Desktop\stm32f103_spi\Debug\Obj\stm8s_beep.o
#        C:\Users\feng\Desktop\stm32f103_spi\Debug\Obj\stm8s_clk.o
#        C:\Users\feng\Desktop\stm32f103_spi\Debug\Obj\stm8s_exti.o
#        C:\Users\feng\Desktop\stm32f103_spi\Debug\Obj\stm8s_flash.o
#        C:\Users\feng\Desktop\stm32f103_spi\Debug\Obj\stm8s_gpio.o
#        C:\Users\feng\Desktop\stm32f103_spi\Debug\Obj\stm8s_i2c.o
#        C:\Users\feng\Desktop\stm32f103_spi\Debug\Obj\stm8s_it.o
#        C:\Users\feng\Desktop\stm32f103_spi\Debug\Obj\stm8s_itc.o
#        C:\Users\feng\Desktop\stm32f103_spi\Debug\Obj\stm8s_iwdg.o
#        C:\Users\feng\Desktop\stm32f103_spi\Debug\Obj\stm8s_rst.o
#        C:\Users\feng\Desktop\stm32f103_spi\Debug\Obj\stm8s_spi.o
#        C:\Users\feng\Desktop\stm32f103_spi\Debug\Obj\stm8s_tim1.o
#        C:\Users\feng\Desktop\stm32f103_spi\Debug\Obj\stm8s_tim2.o
#        C:\Users\feng\Desktop\stm32f103_spi\Debug\Obj\stm8s_tim4.o
#        C:\Users\feng\Desktop\stm32f103_spi\Debug\Obj\stm8s_uart1.o
#        C:\Users\feng\Desktop\stm32f103_spi\Debug\Obj\stm8s_wwdg.o --redirect
#        _Printf=_PrintfSmall --redirect _Scanf=_ScanfSmall -o
#        C:\Users\feng\Desktop\stm32f103_spi\Debug\Exe\iictospi.out --map
#        C:\Users\feng\Desktop\stm32f103_spi\Debug\List\iictospi.map --config
#        "C:\Program Files (x86)\IAR Systems\Embedded Workbench
#        7.3\stm8\config\lnkstm8s003f3.icf" --config_def _CSTACK_SIZE=0x100
#        --config_def _HEAP_SIZE=0x100 --entry __iar_program_start --debug_lib
#
###############################################################################

*******************************************************************************
*** RUNTIME MODEL ATTRIBUTES
***

__SystemLibrary            = DLib
__code_model               = small
__core                     = stm8
__data_model               = medium
__dlib_file_descriptor     = 0
__dlib_full_locale_support = 0
__rt_version               = 4


*******************************************************************************
*** PLACEMENT SUMMARY
***

"A1":  place at start of [0x000000-0x0000ff] { rw section .vregs };
"A2":  place at end of [0x000000-0x0003ff] { block CSTACK };
"P2":  place in [from 0x000000 to 0x0003ff] {
          block HEAP, rw section __DLIB_PERTHREAD, rw section .far.bss,
          rw section .far.data, rw section .far.noinit,
          rw section .far_func.textrw, rw section .huge.bss,
          rw section .huge.data, rw section .huge.noinit,
          rw section .huge_func.textrw, rw section .iar.dynexit,
          rw section .near.bss, rw section .near.data, rw section .near.noinit,
          rw section .near_func.textrw };
"A3":  place at start of [0x008000-0x009fff] { block INTVEC };
"P3":  place in [from 0x008000 to 0x009fff] {
          ro section __DLIB_PERTHREAD_init, ro section .far.data_init,
          ro section .far_func.textrw_init, ro section .huge.data_init,
          ro section .huge_func.textrw_init, ro section .iar.init_table,
          ro section .init_array, ro section .near.data_init,
          ro section .near.rodata, ro section .near_func.text,
          ro section .near_func.textrw_init, ro section .tiny.data_init,
          ro section .tiny.rodata_init };

  Section          Kind      Address   Size  Object
  -------          ----      -------   ----  ------
"A1":                                  0x10
  .vregs           uninit   0x000000   0x10  vregs.o [4]
                          - 0x000010   0x10

"P2":                                 0x108
  .near.bss        zero     0x000010   0x80  main.o [1]
  .near.bss        zero     0x000090   0x80  main.o [1]
  .near.bss        zero     0x000110    0x2  main.o [1]
  .near.bss        zero     0x000112    0x2  main.o [1]
  .near.bss        zero     0x000114    0x2  main.o [1]
  .near.bss        zero     0x000116    0x2  main.o [1]
                          - 0x000118  0x108

"A2":                                 0x100
  CSTACK                    0x000300  0x100  <Block>
    CSTACK         uninit   0x000300  0x100  <Block tail>
                          - 0x000400  0x100

"A3":                                  0x80
  INTVEC                    0x008000   0x80  <Block>
    .intvec        const    0x008000   0x80  interrupt.o [4]
                          - 0x008080   0x80

"P3":                                 0x9e3
  .near_func.text  ro code  0x008080  0x134  stm8s_i2c.o [1]
  .near_func.text  ro code  0x0081b4  0x134  stm8s_uart1.o [1]
  .near_func.text  ro code  0x0082e8  0x12b  long.o [4]
  .near_func.text  ro code  0x008413  0x119  main.o [1]
  .near_func.text  ro code  0x00852c   0xff  vreg_util.o [4]
  .near_func.text  ro code  0x00862b   0xaf  stm8s_gpio.o [1]
  .near_func.text  ro code  0x0086da   0x6c  stm8s_uart1.o [1]
  .near_func.text  ro code  0x008746   0x57  stm8s_clk.o [1]
  .near_func.text  ro code  0x00879d   0x4a  main.o [1]
  .near_func.text  ro code  0x0087e7   0x47  short.o [4]
  .near_func.text  ro code  0x00882e   0x47  long_util.o [4]
  .near_func.text  ro code  0x008875   0x3e  main.o [1]
  .near_func.text  ro code  0x0088b3   0x32  stm8s_uart1.o [1]
  .near_func.text  ro code  0x0088e5   0x2d  stm8s_uart1.o [1]
  .near_func.text  ro code  0x008912   0x25  dc_util.o [4]
  .iar.init_table  const    0x008937    0x8  - Linker created -
  .near_func.text  ro code  0x00893f   0x1e  init_small.o [4]
  .near_func.text  ro code  0x00895d   0x1a  stm8s_i2c.o [1]
  .near_func.text  ro code  0x008977   0x17  init.o [4]
  .near_func.text  ro code  0x00898e   0x16  stm8s_it.o [1]
  .near_func.text  ro code  0x0089a4   0x16  stm8s_it.o [1]
  .near_func.text  ro code  0x0089ba   0x15  main.o [1]
  .near_func.text  ro code  0x0089cf   0x14  __dbg_xxexit.o [3]
  .near_func.text  ro code  0x0089e3   0x13  stm8s_i2c.o [1]
  .near_func.text  ro code  0x0089f6   0x13  cstartup.o [4]
  .near_func.text  ro code  0x008a09    0xf  stm8s_uart1.o [1]
  .near_func.text  ro code  0x008a18    0xe  main.o [1]
  .near_func.text  ro code  0x008a26    0xd  stm8s_uart1.o [1]
  .near_func.text  ro code  0x008a33    0x5  cexit.o [4]
  .near.rodata     const    0x008a38    0x4  stm8s_clk.o [1]
  .near_func.text  ro code  0x008a3c    0x4  stm8s_uart1.o [1]
  .near_func.text  ro code  0x008a40    0x4  stm8s_uart1.o [1]
  .near_func.text  ro code  0x008a44    0x3  interrupt.o [4]
  .near_func.text  ro code  0x008a47    0x3  low_level_init.o [4]
  .near_func.text  ro code  0x008a4a    0x3  exit.o [4]
  .near_func.text  ro code  0x008a4d    0x3  unhandled_exception.o [4]
  .near_func.text  ro code  0x008a50    0x1  stm8s_it.o [1]
  .near_func.text  ro code  0x008a51    0x1  stm8s_it.o [1]
  .near_func.text  ro code  0x008a52    0x1  stm8s_it.o [1]
  .near_func.text  ro code  0x008a53    0x1  stm8s_it.o [1]
  .near_func.text  ro code  0x008a54    0x1  stm8s_it.o [1]
  .near_func.text  ro code  0x008a55    0x1  stm8s_it.o [1]
  .near_func.text  ro code  0x008a56    0x1  stm8s_it.o [1]
  .near_func.text  ro code  0x008a57    0x1  stm8s_it.o [1]
  .near_func.text  ro code  0x008a58    0x1  stm8s_it.o [1]
  .near_func.text  ro code  0x008a59    0x1  stm8s_it.o [1]
  .near_func.text  ro code  0x008a5a    0x1  stm8s_it.o [1]
  .near_func.text  ro code  0x008a5b    0x1  stm8s_it.o [1]
  .near_func.text  ro code  0x008a5c    0x1  stm8s_it.o [1]
  .near_func.text  ro code  0x008a5d    0x1  stm8s_it.o [1]
  .near_func.text  ro code  0x008a5e    0x1  stm8s_it.o [1]
  .near_func.text  ro code  0x008a5f    0x1  stm8s_it.o [1]
  .near_func.text  ro code  0x008a60    0x1  stm8s_it.o [1]
  .near_func.text  ro code  0x008a61    0x1  stm8s_it.o [1]
  .near_func.text  ro code  0x008a62    0x1  __dbg_break.o [3]
                          - 0x008a63  0x9e3


*******************************************************************************
*** INIT TABLE
***

          Address   Size
          -------   ----
Zero (__iar_zero_init2)
    1 destination range, total size 0x108:
          0x000010  0x108



*******************************************************************************
*** MODULE SUMMARY
***

    Module                 ro code  ro data  rw data
    ------                 -------  -------  -------
C:\Users\feng\Desktop\stm32f103_spi\Debug\Obj: [1]
    main.o                     452               264
    stm8s_clk.o                 87        4
    stm8s_gpio.o               175
    stm8s_i2c.o                353
    stm8s_it.o                  62
    stm8s_uart1.o              547
    ------------------------------------------------
    Total:                   1 676        4      264

command line: [2]
    ------------------------------------------------
    Total:

dbgstm8smd.a: [3]
    __dbg_break.o                1
    __dbg_xxexit.o              20
    ------------------------------------------------
    Total:                      21

dlstm8smn.a: [4]
    cexit.o                      5
    cstartup.o                  19
    dc_util.o                   37
    exit.o                       3
    init.o                      23
    init_small.o                30
    interrupt.o                  3      128
    long.o                     299
    long_util.o                 71
    low_level_init.o             3
    short.o                     71
    unhandled_exception.o        3
    vreg_util.o                255
    vregs.o                                       16
    ------------------------------------------------
    Total:                     822      128       16

    Linker created                        8      256
----------------------------------------------------
    Grand Total:             2 519      140      536


*******************************************************************************
*** ENTRY LIST
***

Entry                    Address   Size  Type      Object
-----                    -------   ----  ----      ------
.iar.init_table$$Base   0x008937          --   Gb  - Linker created -
.iar.init_table$$Limit  0x00893f          --   Gb  - Linker created -
?b0                     0x000000         Data  Gb  vregs.o [4]
?b1                     0x000001         Data  Gb  vregs.o [4]
?b10                    0x00000a         Data  Gb  vregs.o [4]
?b11                    0x00000b         Data  Gb  vregs.o [4]
?b12                    0x00000c         Data  Gb  vregs.o [4]
?b13                    0x00000d         Data  Gb  vregs.o [4]
?b14                    0x00000e         Data  Gb  vregs.o [4]
?b15                    0x00000f         Data  Gb  vregs.o [4]
?b2                     0x000002         Data  Gb  vregs.o [4]
?b3                     0x000003         Data  Gb  vregs.o [4]
?b4                     0x000004         Data  Gb  vregs.o [4]
?b5                     0x000005         Data  Gb  vregs.o [4]
?b6                     0x000006         Data  Gb  vregs.o [4]
?b7                     0x000007         Data  Gb  vregs.o [4]
?b8                     0x000008         Data  Gb  vregs.o [4]
?b9                     0x000009         Data  Gb  vregs.o [4]
?dc32_l0                0x008912         Code  Gb  dc_util.o [4]
?dc32_l1                0x00891f         Code  Gb  dc_util.o [4]
?dc32_px                0x00892c         Code  Gb  dc_util.o [4]
?e0                     0x000001         Data  Gb  vregs.o [4]
?e1                     0x000005         Data  Gb  vregs.o [4]
?e2                     0x000009         Data  Gb  vregs.o [4]
?e3                     0x00000d         Data  Gb  vregs.o [4]
?epilogue_l2            0x0085c7         Code  Gb  vreg_util.o [4]
?epilogue_l2_l3         0x0085c4         Code  Gb  vreg_util.o [4]
?epilogue_l2_w6         0x0085cb         Code  Gb  vreg_util.o [4]
?epilogue_w4            0x0085d2         Code  Gb  vreg_util.o [4]
?l0                     0x000000         Data  Gb  vregs.o [4]
?l1                     0x000004         Data  Gb  vregs.o [4]
?l2                     0x000008         Data  Gb  vregs.o [4]
?l3                     0x00000c         Data  Gb  vregs.o [4]
?load32_0x_l0           0x008867         Code  Gb  long_util.o [4]
?load32_asp_l0          0x00885b         Code  Gb  long_util.o [4]
?load32_dbsp_l0         0x008856         Code  Gb  long_util.o [4]
?load32_l0_0x           0x00883e         Code  Gb  long_util.o [4]
?load32_l0_asp          0x008833         Code  Gb  long_util.o [4]
?load32_l0_dbsp         0x00882e         Code  Gb  long_util.o [4]
?load32_l0_xsp          0x008835         Code  Gb  long_util.o [4]
?load32_l1_0x           0x00884a         Code  Gb  long_util.o [4]
?load32_xsp_l0          0x00885d         Code  Gb  long_util.o [4]
?mov_e0_e2              0x0085e0         Code  Gb  vreg_util.o [4]
?mov_e0_e3              0x0085ed         Code  Gb  vreg_util.o [4]
?mov_e1_e0              0x0085fa         Code  Gb  vreg_util.o [4]
?mov_e1_e2              0x008607         Code  Gb  vreg_util.o [4]
?mov_e2_e0              0x008614         Code  Gb  vreg_util.o [4]
?mov_e3_e0              0x008621         Code  Gb  vreg_util.o [4]
?mov_l0_l2              0x0085dd         Code  Gb  vreg_util.o [4]
?mov_l0_l3              0x0085ea         Code  Gb  vreg_util.o [4]
?mov_l1_l0              0x0085f7         Code  Gb  vreg_util.o [4]
?mov_l1_l2              0x008604         Code  Gb  vreg_util.o [4]
?mov_l2_l0              0x008611         Code  Gb  vreg_util.o [4]
?mov_l3_l0              0x00861e         Code  Gb  vreg_util.o [4]
?mov_w1_w5              0x0085e3         Code  Gb  vreg_util.o [4]
?mov_w1_w7              0x0085f0         Code  Gb  vreg_util.o [4]
?mov_w2_w1              0x0085d6         Code  Gb  vreg_util.o [4]
?mov_w3_w1              0x0085fd         Code  Gb  vreg_util.o [4]
?mov_w3_w5              0x00860a         Code  Gb  vreg_util.o [4]
?mov_w5_w1              0x008617         Code  Gb  vreg_util.o [4]
?mov_w7_w1              0x008624         Code  Gb  vreg_util.o [4]
?mul16_x_x_w0           0x0087e7         Code  Gb  short.o [4]
?mul32_l0_l0_0x         0x008306         Code  Gb  long.o [4]
?mul32_l0_l0_dl         0x008303         Code  Gb  long.o [4]
?mul32_l0_l0_l1         0x00830f         Code  Gb  long.o [4]
?pop_l0                 0x008590         Code  Gb  vreg_util.o [4]
?pop_l1                 0x00859b         Code  Gb  vreg_util.o [4]
?pop_l2                 0x0085a6         Code  Gb  vreg_util.o [4]
?pop_l3                 0x0085b1         Code  Gb  vreg_util.o [4]
?pop_w4                 0x008549         Code  Gb  vreg_util.o [4]
?pop_w6                 0x008550         Code  Gb  vreg_util.o [4]
?push_l0                0x00855f         Code  Gb  vreg_util.o [4]
?push_l1                0x008564         Code  Gb  vreg_util.o [4]
?push_l2                0x008569         Code  Gb  vreg_util.o [4]
?push_l3                0x00856e         Code  Gb  vreg_util.o [4]
?push_w4                0x00852c         Code  Gb  vreg_util.o [4]
?push_w6                0x008531         Code  Gb  vreg_util.o [4]
?sdiv16_x_x_y           0x008805         Code  Gb  short.o [4]
?sll16_x_x_a            0x00881e         Code  Gb  short.o [4]
?sll32_0x_0x_a          0x008405         Code  Gb  long.o [4]
?sll32_l0_l0_a          0x008402         Code  Gb  long.o [4]
?srl16_x_x_4            0x008829         Code  Gb  short.o [4]
?srl16_x_x_5            0x008828         Code  Gb  short.o [4]
?srl16_x_x_6            0x008827         Code  Gb  short.o [4]
?srl16_x_x_7            0x008826         Code  Gb  short.o [4]
?sub32_l0_l0_0x         0x0082eb         Code  Gb  long.o [4]
?sub32_l0_l0_l1         0x0082e8         Code  Gb  long.o [4]
?udiv32_l0_dl_l1        0x00838d         Code  Gb  long.o [4]
?udiv32_l0_l0_dl        0x008392         Code  Gb  long.o [4]
?udiv32_l0_l0_l1        0x008395         Code  Gb  long.o [4]
?umod32_l1_l0_l1        0x008395         Code  Gb  long.o [4]
?w0                     0x000000         Data  Gb  vregs.o [4]
?w1                     0x000002         Data  Gb  vregs.o [4]
?w2                     0x000004         Data  Gb  vregs.o [4]
?w3                     0x000006         Data  Gb  vregs.o [4]
?w4                     0x000008         Data  Gb  vregs.o [4]
?w5                     0x00000a         Data  Gb  vregs.o [4]
?w6                     0x00000c         Data  Gb  vregs.o [4]
?w7                     0x00000e         Data  Gb  vregs.o [4]
ADC1_IRQHandler         0x008a5f    0x1  Code  Gb  stm8s_it.o [1]
AWU_IRQHandler          0x008a52    0x1  Code  Gb  stm8s_it.o [1]
CLK_GetClockFreq        0x008746   0x57  Code  Gb  stm8s_clk.o [1]
CLK_IRQHandler          0x008a53    0x1  Code  Gb  stm8s_it.o [1]
CSTACK$$Base            0x000300          --   Gb  - Linker created -
CSTACK$$Limit           0x000400          --   Gb  - Linker created -
EEPROM_EEC_IRQHandler   0x008a61    0x1  Code  Gb  stm8s_it.o [1]
EXTI_PORTA_IRQHandler   0x008a54    0x1  Code  Gb  stm8s_it.o [1]
EXTI_PORTB_IRQHandler   0x008a55    0x1  Code  Gb  stm8s_it.o [1]
EXTI_PORTC_IRQHandler   0x008a56    0x1  Code  Gb  stm8s_it.o [1]
EXTI_PORTD_IRQHandler   0x008a57    0x1  Code  Gb  stm8s_it.o [1]
EXTI_PORTE_IRQHandler   0x008a58    0x1  Code  Gb  stm8s_it.o [1]
GPIO_Init               0x00862b   0xaf  Code  Gb  stm8s_gpio.o [1]
HSIDivFactor            0x008a38    0x4  Data  Gb  stm8s_clk.o [1]
I2C_AcknowledgeConfig   0x00895d   0x1a  Code  Gb  stm8s_i2c.o [1]
I2C_IRQHandler          0x0089a4   0x16  Code  Gb  stm8s_it.o [1]
I2C_ITConfig            0x0089e3   0x13  Code  Gb  stm8s_i2c.o [1]
I2C_Init                0x008080  0x134  Code  Gb  stm8s_i2c.o [1]
I2C_Slave_check_event_ISR
                        0x0084a6   0x86  Code  Gb  main.o [1]
I2C_byte_received       0x008413   0x46  Code  Gb  main.o [1]
INTVEC$$Base            0x008000          --   Gb  - Linker created -
INTVEC$$Limit           0x008080          --   Gb  - Linker created -
Region$$Table$$Base     0x008937          --   Gb  - Linker created -
Region$$Table$$Limit    0x00893f          --   Gb  - Linker created -
SPI_IRQHandler          0x008a59    0x1  Code  Gb  stm8s_it.o [1]
TIM1_CAP_COM_IRQHandler
                        0x008a5b    0x1  Code  Gb  stm8s_it.o [1]
TIM1_UPD_OVF_TRG_BRK_IRQHandler
                        0x008a5a    0x1  Code  Gb  stm8s_it.o [1]
TIM2_CAP_COM_IRQHandler
                        0x008a5d    0x1  Code  Gb  stm8s_it.o [1]
TIM2_UPD_OVF_BRK_IRQHandler
                        0x008a5c    0x1  Code  Gb  stm8s_it.o [1]
TIM4_UPD_OVF_IRQHandler
                        0x008a60    0x1  Code  Gb  stm8s_it.o [1]
TLI_IRQHandler          0x008a51    0x1  Code  Gb  stm8s_it.o [1]
TRAP_IRQHandler         0x008a50    0x1  Code  Gb  stm8s_it.o [1]
UART1_ClearITPendingBit
                        0x008a09    0xf  Code  Gb  stm8s_uart1.o [1]
UART1_Cmd               0x008a26    0xd  Code  Gb  stm8s_uart1.o [1]
UART1_DeInit            0x0088e5   0x2d  Code  Gb  stm8s_uart1.o [1]
UART1_GetFlagStatus     0x0088b3   0x32  Code  Gb  stm8s_uart1.o [1]
UART1_ITConfig          0x0086da   0x6c  Code  Gb  stm8s_uart1.o [1]
UART1_Init              0x0081b4  0x134  Code  Gb  stm8s_uart1.o [1]
UART1_RX_IRQHandler     0x00898e   0x16  Code  Gb  stm8s_it.o [1]
UART1_ReceiveData8      0x008a3c    0x4  Code  Gb  stm8s_uart1.o [1]
UART1_SendData8         0x008a40    0x4  Code  Gb  stm8s_uart1.o [1]
UART1_TX_IRQHandler     0x008a5e    0x1  Code  Gb  stm8s_it.o [1]
__DebugBreak            0x008a62    0x1  Code  Gb  __dbg_break.o [3]
__exit                  0x0089cf   0x14  Code  Gb  __dbg_xxexit.o [3]
__iar_data_init2        0x008977   0x17  Code  Gb  init.o [4]
__iar_program_start     0x0089f6         Code  Gb  cstartup.o [4]
__iar_unhandled_exception
                        0x008a4d         Code  Gb  unhandled_exception.o [4]
__iar_zero_init2        0x00893f         Code  Gb  init_small.o [4]
__intvec                0x008000         Data  Gb  interrupt.o [4]
__low_level_init        0x008a47    0x3  Code  Gb  low_level_init.o [4]
_exit                   0x008a33         Code  Gb  cexit.o [4]
_iic_buffer_head        0x000114    0x2  Data  Gb  main.o [1]
_iic_buffer_tail        0x000116    0x2  Data  Gb  main.o [1]
_interrupt_1            0x008a50         Code  Gb  stm8s_it.o [1]
_interrupt_12           0x008a59         Code  Gb  stm8s_it.o [1]
_interrupt_13           0x008a5a         Code  Gb  stm8s_it.o [1]
_interrupt_14           0x008a5b         Code  Gb  stm8s_it.o [1]
_interrupt_15           0x008a5c         Code  Gb  stm8s_it.o [1]
_interrupt_16           0x008a5d         Code  Gb  stm8s_it.o [1]
_interrupt_19           0x008a5e         Code  Gb  stm8s_it.o [1]
_interrupt_2            0x008a51         Code  Gb  stm8s_it.o [1]
_interrupt_20           0x00898e         Code  Gb  stm8s_it.o [1]
_interrupt_21           0x0089a4         Code  Gb  stm8s_it.o [1]
_interrupt_24           0x008a5f         Code  Gb  stm8s_it.o [1]
_interrupt_25           0x008a60         Code  Gb  stm8s_it.o [1]
_interrupt_26           0x008a61         Code  Gb  stm8s_it.o [1]
_interrupt_3            0x008a52         Code  Gb  stm8s_it.o [1]
_interrupt_4            0x008a53         Code  Gb  stm8s_it.o [1]
_interrupt_5            0x008a54         Code  Gb  stm8s_it.o [1]
_interrupt_6            0x008a55         Code  Gb  stm8s_it.o [1]
_interrupt_7            0x008a56         Code  Gb  stm8s_it.o [1]
_interrupt_8            0x008a57         Code  Gb  stm8s_it.o [1]
_interrupt_9            0x008a58         Code  Gb  stm8s_it.o [1]
_tx_buffer_head         0x000110    0x2  Data  Gb  main.o [1]
_tx_buffer_tail         0x000112    0x2  Data  Gb  main.o [1]
exit                    0x008a4a    0x3  Code  Gb  exit.o [4]
i2c_init                0x008875   0x3e  Code  Gb  main.o [1]
iic_to_uart_buf         0x000090   0x80  Data  Gb  main.o [1]
main                    0x0089ba   0x15  Code  Gb  main.o [1]
read_buffer             0x008459   0x21  Code  Gb  main.o [1]
uart1_txdata            0x008a18    0xe  Code  Gb  main.o [1]
uart_init               0x00879d   0x4a  Code  Gb  main.o [1]
uart_rxgetdata          0x00847a   0x2c  Code  Gb  main.o [1]
uart_to_iic_buf         0x000010   0x80  Data  Gb  main.o [1]


[1] = C:\Users\feng\Desktop\stm32f103_spi\Debug\Obj
[2] = command line
[3] = dbgstm8smd.a
[4] = dlstm8smn.a

  2 519 bytes of readonly  code memory
    140 bytes of readonly  data memory
    536 bytes of readwrite data memory

Errors: none
Warnings: none
